// Jest Snapshot v1, https://goo.gl/fbAQLP

exports[`Single article  should call on click functions 1`] = `ShallowWrapper {}`;

exports[`Single article  should mount without crashing 1`] = `ShallowWrapper {}`;

exports[`Single article  should render without crashing 1`] = `ShallowWrapper {}`;
